// Vitest Snapshot v1, https://vitest.dev/guide/snapshot.html

exports[`DrawerLayoutAndroid > matches snapshot 1`] = `
<DrawerLayoutAndroid
  drawerPosition="left"
  drawerWidth={300}
>
  <View
    accessible={false}
    ref={null}
  >
    <Text
      ref={null}
    >
      Main
    </Text>
  </View>
</DrawerLayoutAndroid>
`;
