// Vitest Snapshot v1, https://vitest.dev/guide/snapshot.html

exports[`InputAccessoryView > matches snapshot 1`] = `
<InputAccessoryView
  nativeID="snapshot-accessory"
>
  <View
    accessible={false}
    ref={null}
  >
    <Button
      accessibilityRole="button"
      accessible={true}
      onPress={[Function]}
    >
      <Text
        ref={null}
      >
        Cancel
      </Text>
    </Button>
    <Button
      accessibilityRole="button"
      accessible={true}
      onPress={[Function]}
    >
      <Text
        ref={null}
      >
        Done
      </Text>
    </Button>
  </View>
</InputAccessoryView>
`;
