// Vitest Snapshot v1, https://vitest.dev/guide/snapshot.html

exports[`Pressable Component > matches snapshot 1`] = `
<View
  accessible={false}
  ref={null}
>
  <Pressable
    accessible={true}
    ref={null}
    style={
      {
        "backgroundColor": "blue",
        "padding": 10,
      }
    }
  >
    <Text
      ref={null}
      style={
        {
          "color": "white",
        }
      }
    >
      Press Me
    </Text>
  </Pressable>
</View>
`;
