// Vitest Snapshot v1, https://vitest.dev/guide/snapshot.html

exports[`RefreshControl Component > matches snapshot 1`] = `
<View
  accessible={false}
  ref={null}
>
  <ScrollView
    refreshControl={
      <RefreshControl
        onRefresh={[Function]}
        refreshing={false}
      />
    }
  >
    <Text
      ref={null}
    >
      Pull to refresh content
    </Text>
  </ScrollView>
</View>
`;
