// Vitest Snapshot v1, https://vitest.dev/guide/snapshot.html

exports[`TextInput Component > matches snapshot 1`] = `
<View
  accessible={false}
  ref={null}
>
  <TextInput
    placeholder="Enter text"
    ref={null}
    style={
      {
        "borderWidth": 1,
        "padding": 10,
      }
    }
  />
</View>
`;
