// Vitest Snapshot v1, https://vitest.dev/guide/snapshot.html

exports[`TouchableNativeFeedback > matches snapshot 1`] = `
<TouchableNativeFeedback
  accessible={true}
>
  <View
    accessible={false}
    ref={null}
  >
    <Text
      ref={null}
    >
      Native Feedback
    </Text>
  </View>
</TouchableNativeFeedback>
`;
